// Jest Snapshot v1, https://goo.gl/fbAQLP

exports[`Doesn't warn on valid but badly formatted code 1`] = `Array []`;

exports[`Doesn't work with ES6 1`] = `
Array [
  Object {
    "column": 1,
    "fatal": true,
    "line": 2,
    "message": "Parsing error: The keyword 'const' is reserved",
    "ruleId": null,
    "severity": 2,
  },
]
`;

exports[`Uses sonar plugin 1`] = `
Array [
  Object {
    "column": 14,
    "endColumn": 25,
    "endLine": 9,
    "line": 9,
    "message": "This branch duplicates the one on line 5",
    "nodeType": "BinaryExpression",
    "ruleId": "@swissquote/swissquote/sonarjs/no-identical-conditions",
    "severity": 2,
  },
]
`;

exports[`Warns on console.log 1`] = `
Array [
  Object {
    "column": 1,
    "endColumn": 12,
    "endLine": 1,
    "line": 1,
    "message": "Unexpected console statement.",
    "messageId": "unexpected",
    "nodeType": "MemberExpression",
    "ruleId": "no-console",
    "severity": 1,
  },
]
`;
