// Jest Snapshot v1, https://goo.gl/fbAQLP

exports[`jsx-no-duplicate-props works fails with the same prop 1`] = `
Array [
  Object {
    "column": 47,
    "endColumn": 52,
    "endLine": 3,
    "line": 3,
    "message": "No duplicate props allowed",
    "nodeType": "JSXAttribute",
    "ruleId": "@swissquote/swissquote/react/jsx-no-duplicate-props",
    "severity": 2,
  },
]
`;

exports[`no-did-mount-set-state fails with setState in componentDidMount 1`] = `
Array [
  Object {
    "column": 7,
    "endColumn": 20,
    "endLine": 7,
    "line": 7,
    "message": "Do not use setState in componentDidMount",
    "nodeType": "MemberExpression",
    "ruleId": "@swissquote/swissquote/react/no-did-mount-set-state",
    "severity": 2,
  },
]
`;
