// Jest Snapshot v1, https://goo.gl/fbAQLP

exports[`Copies and compresses images 1`] = `
Object {
  "status": 0,
  "stdall": "
[__:__:__] Starting Crafty __version__...
[__:__:__] Files will be stored in:
            img: __PATH__/packages/integration/fixtures/crafty-preset-images-simple/dist/images
[__:__:__] Starting 'images' ...
[__:__:__] Finished 'images' after ____ ms
",
}
`;
